[2026-08-06T12:39:46.244+0000] {processor.py:161} INFO - Started process (PID=680) to work on /opt/airflow/dags/json_to_hdfs_dag.py
[2026-08-06T12:39:46.247+0000] {processor.py:830} INFO - Processing file /opt/airflow/dags/json_to_hdfs_dag.py for tasks to queue
[2026-08-06T12:39:46.252+0000] {logging_mixin.py:188} INFO - [2026-08-06T12:39:46.250+0000] {dagbag.py:545} INFO - Filling up the DagBag from /opt/airflow/dags/json_to_hdfs_dag.py
[2026-08-06T12:39:46.346+0000] {processor.py:840} INFO - DAG(s) 'json_batch_to_hdfs' retrieved from /opt/airflow/dags/json_to_hdfs_dag.py
[2026-08-06T12:39:47.123+0000] {logging_mixin.py:188} INFO - [2026-08-06T12:39:47.122+0000] {override.py:1829} INFO - Created Permission View: can edit on DAG:json_batch_to_hdfs
[2026-08-06T12:39:47.154+0000] {logging_mixin.py:188} INFO - [2026-08-06T12:39:47.153+0000] {override.py:1829} INFO - Created Permission View: can read on DAG:json_batch_to_hdfs
[2026-08-06T12:39:47.172+0000] {logging_mixin.py:188} INFO - [2026-08-06T12:39:47.171+0000] {override.py:1829} INFO - Created Permission View: can delete on DAG:json_batch_to_hdfs
[2026-08-06T12:39:47.176+0000] {logging_mixin.py:188} INFO - [2026-08-06T12:39:47.175+0000] {dag.py:3096} INFO - Sync 1 DAGs
[2026-08-06T12:39:47.199+0000] {logging_mixin.py:188} INFO - [2026-08-06T12:39:47.199+0000] {dag.py:3118} INFO - Creating ORM DAG for json_batch_to_hdfs
[2026-08-06T12:39:47.227+0000] {logging_mixin.py:188} INFO - [2026-08-06T12:39:47.227+0000] {dag.py:3954} INFO - Setting next_dagrun for json_batch_to_hdfs to 2026-08-06 12:30:00+00:00, run_after=2026-08-06 12:35:00+00:00
[2026-08-06T12:39:47.264+0000] {processor.py:183} INFO - Processing /opt/airflow/dags/json_to_hdfs_dag.py took 1.038 seconds
[2026-08-06T12:40:17.688+0000] {processor.py:161} INFO - Started process (PID=699) to work on /opt/airflow/dags/json_to_hdfs_dag.py
[2026-08-06T12:40:17.700+0000] {processor.py:830} INFO - Processing file /opt/airflow/dags/json_to_hdfs_dag.py for tasks to queue
[2026-08-06T12:40:17.714+0000] {logging_mixin.py:188} INFO - [2026-08-06T12:40:17.712+0000] {dagbag.py:545} INFO - Filling up the DagBag from /opt/airflow/dags/json_to_hdfs_dag.py
[2026-08-06T12:40:17.903+0000] {processor.py:840} INFO - DAG(s) 'json_batch_to_hdfs' retrieved from /opt/airflow/dags/json_to_hdfs_dag.py
[2026-08-06T12:40:18.284+0000] {logging_mixin.py:188} INFO - [2026-08-06T12:40:18.283+0000] {dag.py:3096} INFO - Sync 1 DAGs
[2026-08-06T12:40:18.491+0000] {logging_mixin.py:188} INFO - [2026-08-06T12:40:18.490+0000] {dag.py:3954} INFO - Setting next_dagrun for json_batch_to_hdfs to 2026-08-06 12:40:00+00:00, run_after=2026-08-06 12:45:00+00:00
[2026-08-06T12:40:18.662+0000] {processor.py:183} INFO - Processing /opt/airflow/dags/json_to_hdfs_dag.py took 1.011 seconds
[2026-08-06T12:40:49.238+0000] {processor.py:161} INFO - Started process (PID=700) to work on /opt/airflow/dags/json_to_hdfs_dag.py
[2026-08-06T12:40:49.241+0000] {processor.py:830} INFO - Processing file /opt/airflow/dags/json_to_hdfs_dag.py for tasks to queue
[2026-08-06T12:40:49.247+0000] {logging_mixin.py:188} INFO - [2026-08-06T12:40:49.245+0000] {dagbag.py:545} INFO - Filling up the DagBag from /opt/airflow/dags/json_to_hdfs_dag.py
[2026-08-06T12:40:49.301+0000] {processor.py:840} INFO - DAG(s) 'json_batch_to_hdfs' retrieved from /opt/airflow/dags/json_to_hdfs_dag.py
[2026-08-06T12:40:49.393+0000] {logging_mixin.py:188} INFO - [2026-08-06T12:40:49.393+0000] {dag.py:3096} INFO - Sync 1 DAGs
[2026-08-06T12:40:49.435+0000] {logging_mixin.py:188} INFO - [2026-08-06T12:40:49.435+0000] {dag.py:3954} INFO - Setting next_dagrun for json_batch_to_hdfs to 2026-08-06 12:40:00+00:00, run_after=2026-08-06 12:45:00+00:00
[2026-08-06T12:40:49.493+0000] {processor.py:183} INFO - Processing /opt/airflow/dags/json_to_hdfs_dag.py took 0.267 seconds
[2026-08-06T12:41:19.803+0000] {processor.py:161} INFO - Started process (PID=701) to work on /opt/airflow/dags/json_to_hdfs_dag.py
[2026-08-06T12:41:19.807+0000] {processor.py:830} INFO - Processing file /opt/airflow/dags/json_to_hdfs_dag.py for tasks to queue
[2026-08-06T12:41:19.812+0000] {logging_mixin.py:188} INFO - [2026-08-06T12:41:19.811+0000] {dagbag.py:545} INFO - Filling up the DagBag from /opt/airflow/dags/json_to_hdfs_dag.py
[2026-08-06T12:41:19.861+0000] {processor.py:840} INFO - DAG(s) 'json_batch_to_hdfs' retrieved from /opt/airflow/dags/json_to_hdfs_dag.py
[2026-08-06T12:41:19.925+0000] {logging_mixin.py:188} INFO - [2026-08-06T12:41:19.925+0000] {dag.py:3096} INFO - Sync 1 DAGs
[2026-08-06T12:41:19.982+0000] {logging_mixin.py:188} INFO - [2026-08-06T12:41:19.982+0000] {dag.py:3954} INFO - Setting next_dagrun for json_batch_to_hdfs to 2026-08-06 12:40:00+00:00, run_after=2026-08-06 12:45:00+00:00
[2026-08-06T12:41:20.037+0000] {processor.py:183} INFO - Processing /opt/airflow/dags/json_to_hdfs_dag.py took 0.250 seconds
[2026-08-06T12:41:50.339+0000] {processor.py:161} INFO - Started process (PID=702) to work on /opt/airflow/dags/json_to_hdfs_dag.py
[2026-08-06T12:41:50.342+0000] {processor.py:830} INFO - Processing file /opt/airflow/dags/json_to_hdfs_dag.py for tasks to queue
[2026-08-06T12:41:50.345+0000] {logging_mixin.py:188} INFO - [2026-08-06T12:41:50.344+0000] {dagbag.py:545} INFO - Filling up the DagBag from /opt/airflow/dags/json_to_hdfs_dag.py
[2026-08-06T12:41:50.390+0000] {processor.py:840} INFO - DAG(s) 'json_batch_to_hdfs' retrieved from /opt/airflow/dags/json_to_hdfs_dag.py
[2026-08-06T12:41:50.453+0000] {logging_mixin.py:188} INFO - [2026-08-06T12:41:50.452+0000] {dag.py:3096} INFO - Sync 1 DAGs
[2026-08-06T12:41:50.504+0000] {logging_mixin.py:188} INFO - [2026-08-06T12:41:50.504+0000] {dag.py:3954} INFO - Setting next_dagrun for json_batch_to_hdfs to 2026-08-06 12:40:00+00:00, run_after=2026-08-06 12:45:00+00:00
[2026-08-06T12:41:50.544+0000] {processor.py:183} INFO - Processing /opt/airflow/dags/json_to_hdfs_dag.py took 0.215 seconds
[2026-08-06T12:42:20.694+0000] {processor.py:161} INFO - Started process (PID=703) to work on /opt/airflow/dags/json_to_hdfs_dag.py
[2026-08-06T12:42:20.698+0000] {processor.py:830} INFO - Processing file /opt/airflow/dags/json_to_hdfs_dag.py for tasks to queue
[2026-08-06T12:42:20.703+0000] {logging_mixin.py:188} INFO - [2026-08-06T12:42:20.703+0000] {dagbag.py:545} INFO - Filling up the DagBag from /opt/airflow/dags/json_to_hdfs_dag.py
[2026-08-06T12:42:20.756+0000] {processor.py:840} INFO - DAG(s) 'json_batch_to_hdfs' retrieved from /opt/airflow/dags/json_to_hdfs_dag.py
[2026-08-06T12:42:20.831+0000] {logging_mixin.py:188} INFO - [2026-08-06T12:42:20.831+0000] {dag.py:3096} INFO - Sync 1 DAGs
[2026-08-06T12:42:20.886+0000] {logging_mixin.py:188} INFO - [2026-08-06T12:42:20.886+0000] {dag.py:3954} INFO - Setting next_dagrun for json_batch_to_hdfs to 2026-08-06 12:40:00+00:00, run_after=2026-08-06 12:45:00+00:00
[2026-08-06T12:42:20.927+0000] {processor.py:183} INFO - Processing /opt/airflow/dags/json_to_hdfs_dag.py took 0.246 seconds
[2026-08-06T12:42:51.192+0000] {processor.py:161} INFO - Started process (PID=704) to work on /opt/airflow/dags/json_to_hdfs_dag.py
[2026-08-06T12:42:51.195+0000] {processor.py:830} INFO - Processing file /opt/airflow/dags/json_to_hdfs_dag.py for tasks to queue
[2026-08-06T12:42:51.200+0000] {logging_mixin.py:188} INFO - [2026-08-06T12:42:51.199+0000] {dagbag.py:545} INFO - Filling up the DagBag from /opt/airflow/dags/json_to_hdfs_dag.py
[2026-08-06T12:42:51.261+0000] {processor.py:840} INFO - DAG(s) 'json_batch_to_hdfs' retrieved from /opt/airflow/dags/json_to_hdfs_dag.py
[2026-08-06T12:42:51.345+0000] {logging_mixin.py:188} INFO - [2026-08-06T12:42:51.345+0000] {dag.py:3096} INFO - Sync 1 DAGs
[2026-08-06T12:42:51.417+0000] {logging_mixin.py:188} INFO - [2026-08-06T12:42:51.416+0000] {dag.py:3954} INFO - Setting next_dagrun for json_batch_to_hdfs to 2026-08-06 12:40:00+00:00, run_after=2026-08-06 12:45:00+00:00
[2026-08-06T12:42:51.472+0000] {processor.py:183} INFO - Processing /opt/airflow/dags/json_to_hdfs_dag.py took 0.294 seconds
[2026-08-06T12:43:21.800+0000] {processor.py:161} INFO - Started process (PID=705) to work on /opt/airflow/dags/json_to_hdfs_dag.py
[2026-08-06T12:43:21.802+0000] {processor.py:830} INFO - Processing file /opt/airflow/dags/json_to_hdfs_dag.py for tasks to queue
[2026-08-06T12:43:21.805+0000] {logging_mixin.py:188} INFO - [2026-08-06T12:43:21.804+0000] {dagbag.py:545} INFO - Filling up the DagBag from /opt/airflow/dags/json_to_hdfs_dag.py
[2026-08-06T12:43:21.846+0000] {processor.py:840} INFO - DAG(s) 'json_batch_to_hdfs' retrieved from /opt/airflow/dags/json_to_hdfs_dag.py
[2026-08-06T12:43:21.898+0000] {logging_mixin.py:188} INFO - [2026-08-06T12:43:21.897+0000] {dag.py:3096} INFO - Sync 1 DAGs
[2026-08-06T12:43:21.939+0000] {logging_mixin.py:188} INFO - [2026-08-06T12:43:21.939+0000] {dag.py:3954} INFO - Setting next_dagrun for json_batch_to_hdfs to 2026-08-06 12:40:00+00:00, run_after=2026-08-06 12:45:00+00:00
[2026-08-06T12:43:21.970+0000] {processor.py:183} INFO - Processing /opt/airflow/dags/json_to_hdfs_dag.py took 0.177 seconds
[2026-08-06T12:43:52.105+0000] {processor.py:161} INFO - Started process (PID=706) to work on /opt/airflow/dags/json_to_hdfs_dag.py
[2026-08-06T12:43:52.107+0000] {processor.py:830} INFO - Processing file /opt/airflow/dags/json_to_hdfs_dag.py for tasks to queue
[2026-08-06T12:43:52.112+0000] {logging_mixin.py:188} INFO - [2026-08-06T12:43:52.111+0000] {dagbag.py:545} INFO - Filling up the DagBag from /opt/airflow/dags/json_to_hdfs_dag.py
[2026-08-06T12:43:52.156+0000] {processor.py:840} INFO - DAG(s) 'json_batch_to_hdfs' retrieved from /opt/airflow/dags/json_to_hdfs_dag.py
[2026-08-06T12:43:52.221+0000] {logging_mixin.py:188} INFO - [2026-08-06T12:43:52.221+0000] {dag.py:3096} INFO - Sync 1 DAGs
[2026-08-06T12:43:52.262+0000] {logging_mixin.py:188} INFO - [2026-08-06T12:43:52.262+0000] {dag.py:3954} INFO - Setting next_dagrun for json_batch_to_hdfs to 2026-08-06 12:40:00+00:00, run_after=2026-08-06 12:45:00+00:00
[2026-08-06T12:43:52.293+0000] {processor.py:183} INFO - Processing /opt/airflow/dags/json_to_hdfs_dag.py took 0.201 seconds
[2026-08-06T12:44:22.533+0000] {processor.py:161} INFO - Started process (PID=707) to work on /opt/airflow/dags/json_to_hdfs_dag.py
[2026-08-06T12:44:22.536+0000] {processor.py:830} INFO - Processing file /opt/airflow/dags/json_to_hdfs_dag.py for tasks to queue
[2026-08-06T12:44:22.539+0000] {logging_mixin.py:188} INFO - [2026-08-06T12:44:22.538+0000] {dagbag.py:545} INFO - Filling up the DagBag from /opt/airflow/dags/json_to_hdfs_dag.py
[2026-08-06T12:44:22.576+0000] {processor.py:840} INFO - DAG(s) 'json_batch_to_hdfs' retrieved from /opt/airflow/dags/json_to_hdfs_dag.py
[2026-08-06T12:44:22.617+0000] {logging_mixin.py:188} INFO - [2026-08-06T12:44:22.617+0000] {dag.py:3096} INFO - Sync 1 DAGs
[2026-08-06T12:44:22.668+0000] {logging_mixin.py:188} INFO - [2026-08-06T12:44:22.668+0000] {dag.py:3954} INFO - Setting next_dagrun for json_batch_to_hdfs to 2026-08-06 12:40:00+00:00, run_after=2026-08-06 12:45:00+00:00
[2026-08-06T12:44:22.743+0000] {processor.py:183} INFO - Processing /opt/airflow/dags/json_to_hdfs_dag.py took 0.220 seconds
