[2026-08-06T08:54:21.996+0000] {local_task_job_runner.py:120} INFO - ::group::Pre task execution logs
[2026-08-06T08:54:22.098+0000] {taskinstance.py:2076} INFO - Dependencies all met for dep_context=non-requeueable deps ti=<TaskInstance: kafka_batch_to_hdfs.run_spark_batch_via_rest scheduled__2026-08-06T08:51:00+00:00 [queued]>
[2026-08-06T08:54:22.107+0000] {taskinstance.py:2076} INFO - Dependencies all met for dep_context=requeueable deps ti=<TaskInstance: kafka_batch_to_hdfs.run_spark_batch_via_rest scheduled__2026-08-06T08:51:00+00:00 [queued]>
[2026-08-06T08:54:22.108+0000] {taskinstance.py:2306} INFO - Starting attempt 2 of 2
[2026-08-06T08:54:22.124+0000] {taskinstance.py:2330} INFO - Executing <Task(PythonOperator): run_spark_batch_via_rest> on 2026-08-06 08:51:00+00:00
[2026-08-06T08:54:22.131+0000] {standard_task_runner.py:63} INFO - Started process 158 to run task
[2026-08-06T08:54:22.134+0000] {standard_task_runner.py:90} INFO - Running: ['***', 'tasks', 'run', 'kafka_batch_to_hdfs', 'run_spark_batch_via_rest', 'scheduled__2026-08-06T08:51:00+00:00', '--job-id', '40', '--raw', '--subdir', 'DAGS_FOLDER/kafka_batch_to_hdfs_dag.py', '--cfg-path', '/tmp/tmpeqz_ald0']
[2026-08-06T08:54:22.137+0000] {standard_task_runner.py:91} INFO - Job 40: Subtask run_spark_batch_via_rest
[2026-08-06T08:54:22.211+0000] {task_command.py:426} INFO - Running <TaskInstance: kafka_batch_to_hdfs.run_spark_batch_via_rest scheduled__2026-08-06T08:51:00+00:00 [running]> on host 0e24f9b9c67a
[2026-08-06T08:54:22.308+0000] {taskinstance.py:2648} INFO - Exporting env vars: AIRFLOW_CTX_DAG_OWNER='***' AIRFLOW_CTX_DAG_ID='kafka_batch_to_hdfs' AIRFLOW_CTX_TASK_ID='run_spark_batch_via_rest' AIRFLOW_CTX_EXECUTION_DATE='2026-08-06T08:51:00+00:00' AIRFLOW_CTX_TRY_NUMBER='2' AIRFLOW_CTX_DAG_RUN_ID='scheduled__2026-08-06T08:51:00+00:00'
[2026-08-06T08:54:22.310+0000] {taskinstance.py:430} INFO - ::endgroup::
[2026-08-06T08:54:22.332+0000] {taskinstance.py:441} INFO - ::group::Post task execution logs
[2026-08-06T08:54:22.343+0000] {taskinstance.py:2905} ERROR - Task failed with exception
Traceback (most recent call last):
  File "/home/airflow/.local/lib/python3.12/site-packages/airflow/models/taskinstance.py", line 465, in _execute_task
    result = _execute_callable(context=context, **execute_callable_kwargs)
             ^^^^^^^^^^^^^^^^^^^^^^^^^^^^^^^^^^^^^^^^^^^^^^^^^^^^^^^^^^^^^
  File "/home/airflow/.local/lib/python3.12/site-packages/airflow/models/taskinstance.py", line 432, in _execute_callable
    return execute_callable(context=context, **execute_callable_kwargs)
           ^^^^^^^^^^^^^^^^^^^^^^^^^^^^^^^^^^^^^^^^^^^^^^^^^^^^^^^^^^^^
  File "/home/airflow/.local/lib/python3.12/site-packages/airflow/models/baseoperator.py", line 400, in wrapper
    return func(self, *args, **kwargs)
           ^^^^^^^^^^^^^^^^^^^^^^^^^^^
  File "/home/airflow/.local/lib/python3.12/site-packages/airflow/operators/python.py", line 235, in execute
    return_value = self.execute_callable()
                   ^^^^^^^^^^^^^^^^^^^^^^^
  File "/home/airflow/.local/lib/python3.12/site-packages/airflow/operators/python.py", line 252, in execute_callable
    return self.python_callable(*self.op_args, **self.op_kwargs)
           ^^^^^^^^^^^^^^^^^^^^^^^^^^^^^^^^^^^^^^^^^^^^^^^^^^^^^
  File "/opt/airflow/dags/kafka_batch_to_hdfs_dag.py", line 41, in run_spark_batch_via_rest
    raise AirflowException(f"spark-submit 제출 실패: {submit_result}")
airflow.exceptions.AirflowException: spark-submit 제출 실패: {'action': 'ErrorResponse', 'message': 'Malformed request: org.apache.spark.deploy.rest.SubmitRestProtocolException: Validation of message CreateSubmissionRequest failed!\n\torg.apache.spark.deploy.rest.SubmitRestProtocolMessage.validate(SubmitRestProtocolMessage.scala:70)\n\torg.apache.spark.deploy.rest.SubmitRequestServlet.doPost(RestSubmissionServer.scala:274)\n\tjavax.servlet.http.HttpServlet.service(HttpServlet.java:523)\n\tjavax.servlet.http.HttpServlet.service(HttpServlet.java:590)\n\torg.sparkproject.jetty.servlet.ServletHolder.handle(ServletHolder.java:791)\n\torg.sparkproject.jetty.servlet.ServletHandler.doHandle(ServletHandler.java:550)\n\torg.sparkproject.jetty.server.handler.ScopedHandler.nextHandle(ScopedHandler.java:233)\n\torg.sparkproject.jetty.server.handler.ContextHandler.doHandle(ContextHandler.java:1435)\n\torg.sparkproject.jetty.server.handler.ScopedHandler.nextScope(ScopedHandler.java:188)\n\torg.sparkproject.jetty.servlet.ServletHandler.doScope(ServletHandler.java:501)\n\torg.sparkproject.jetty.server.handler.ScopedHandler.nextScope(ScopedHandler.java:186)\n\torg.sparkproject.jetty.server.handler.ContextHandler.doScope(ContextHandler.java:1350)\n\torg.sparkproject.jetty.server.handler.ScopedHandler.handle(ScopedHandler.java:141)\n\torg.sparkproject.jetty.server.handler.HandlerWrapper.handle(HandlerWrapper.java:127)\n\torg.sparkproject.jetty.server.Server.handle(Server.java:516)\n\torg.sparkproject.jetty.server.HttpChannel.lambda$handle$1(HttpChannel.java:388)\n\torg.sparkproject.jetty.server.HttpChannel.dispatch(HttpChannel.java:633)\n\torg.sparkproject.jetty.server.HttpChannel.handle(HttpChannel.java:380)\n\torg.sparkproject.jetty.server.HttpConnection.onFillable(HttpConnection.java:273)\n\torg.sparkproject.jetty.io.AbstractConnection$ReadCallback.succeeded(AbstractConnection.java:311)\n\torg.sparkproject.jetty.io.FillInterest.fillable(FillInterest.java:105)\n\torg.sparkproject.jetty.io.ChannelEndPoint$1.run(ChannelEndPoint.java:104)\n\torg.sparkproject.jetty.util.thread.QueuedThreadPool.runJob(QueuedThreadPool.java:773)\n\torg.sparkproject.jetty.util.thread.QueuedThreadPool$Runner.run(QueuedThreadPool.java:905)\n\tjava.lang.Thread.run(Thread.java:748)', 'serverSparkVersion': '3.1.1'}
[2026-08-06T08:54:22.351+0000] {taskinstance.py:1206} INFO - Marking task as FAILED. dag_id=kafka_batch_to_hdfs, task_id=run_spark_batch_via_rest, run_id=scheduled__2026-08-06T08:51:00+00:00, execution_date=20260806T085100, start_date=20260806T085422, end_date=20260806T085422
[2026-08-06T08:54:22.364+0000] {standard_task_runner.py:110} ERROR - Failed to execute job 40 for task run_spark_batch_via_rest (spark-submit 제출 실패: {'action': 'ErrorResponse', 'message': 'Malformed request: org.apache.spark.deploy.rest.SubmitRestProtocolException: Validation of message CreateSubmissionRequest failed!\n\torg.apache.spark.deploy.rest.SubmitRestProtocolMessage.validate(SubmitRestProtocolMessage.scala:70)\n\torg.apache.spark.deploy.rest.SubmitRequestServlet.doPost(RestSubmissionServer.scala:274)\n\tjavax.servlet.http.HttpServlet.service(HttpServlet.java:523)\n\tjavax.servlet.http.HttpServlet.service(HttpServlet.java:590)\n\torg.sparkproject.jetty.servlet.ServletHolder.handle(ServletHolder.java:791)\n\torg.sparkproject.jetty.servlet.ServletHandler.doHandle(ServletHandler.java:550)\n\torg.sparkproject.jetty.server.handler.ScopedHandler.nextHandle(ScopedHandler.java:233)\n\torg.sparkproject.jetty.server.handler.ContextHandler.doHandle(ContextHandler.java:1435)\n\torg.sparkproject.jetty.server.handler.ScopedHandler.nextScope(ScopedHandler.java:188)\n\torg.sparkproject.jetty.servlet.ServletHandler.doScope(ServletHandler.java:501)\n\torg.sparkproject.jetty.server.handler.ScopedHandler.nextScope(ScopedHandler.java:186)\n\torg.sparkproject.jetty.server.handler.ContextHandler.doScope(ContextHandler.java:1350)\n\torg.sparkproject.jetty.server.handler.ScopedHandler.handle(ScopedHandler.java:141)\n\torg.sparkproject.jetty.server.handler.HandlerWrapper.handle(HandlerWrapper.java:127)\n\torg.sparkproject.jetty.server.Server.handle(Server.java:516)\n\torg.sparkproject.jetty.server.HttpChannel.lambda$handle$1(HttpChannel.java:388)\n\torg.sparkproject.jetty.server.HttpChannel.dispatch(HttpChannel.java:633)\n\torg.sparkproject.jetty.server.HttpChannel.handle(HttpChannel.java:380)\n\torg.sparkproject.jetty.server.HttpConnection.onFillable(HttpConnection.java:273)\n\torg.sparkproject.jetty.io.AbstractConnection$ReadCallback.succeeded(AbstractConnection.java:311)\n\torg.sparkproject.jetty.io.FillInterest.fillable(FillInterest.java:105)\n\torg.sparkproject.jetty.io.ChannelEndPoint$1.run(ChannelEndPoint.java:104)\n\torg.sparkproject.jetty.util.thread.QueuedThreadPool.runJob(QueuedThreadPool.java:773)\n\torg.sparkproject.jetty.util.thread.QueuedThreadPool$Runner.run(QueuedThreadPool.java:905)\n\tjava.lang.Thread.run(Thread.java:748)', 'serverSparkVersion': '3.1.1'}; 158)
[2026-08-06T08:54:22.389+0000] {local_task_job_runner.py:240} INFO - Task exited with return code 1
[2026-08-06T08:54:22.406+0000] {taskinstance.py:3498} INFO - 0 downstream tasks scheduled from follow-on schedule check
[2026-08-06T08:54:22.411+0000] {local_task_job_runner.py:222} INFO - ::endgroup::
