[2026-08-06T09:05:02.034+0000] {local_task_job_runner.py:120} INFO - ::group::Pre task execution logs
[2026-08-06T09:05:02.152+0000] {taskinstance.py:2076} INFO - Dependencies all met for dep_context=non-requeueable deps ti=<TaskInstance: kafka_batch_to_hdfs.run_spark_batch_via_rest scheduled__2026-08-06T09:00:00+00:00 [queued]>
[2026-08-06T09:05:02.163+0000] {taskinstance.py:2076} INFO - Dependencies all met for dep_context=requeueable deps ti=<TaskInstance: kafka_batch_to_hdfs.run_spark_batch_via_rest scheduled__2026-08-06T09:00:00+00:00 [queued]>
[2026-08-06T09:05:02.165+0000] {taskinstance.py:2306} INFO - Starting attempt 1 of 2
[2026-08-06T09:05:02.185+0000] {taskinstance.py:2330} INFO - Executing <Task(PythonOperator): run_spark_batch_via_rest> on 2026-08-06 09:00:00+00:00
[2026-08-06T09:05:02.193+0000] {standard_task_runner.py:63} INFO - Started process 145 to run task
[2026-08-06T09:05:02.196+0000] {standard_task_runner.py:90} INFO - Running: ['***', 'tasks', 'run', 'kafka_batch_to_hdfs', 'run_spark_batch_via_rest', 'scheduled__2026-08-06T09:00:00+00:00', '--job-id', '47', '--raw', '--subdir', 'DAGS_FOLDER/kafka_batch_to_hdfs_dag.py', '--cfg-path', '/tmp/tmpar05z6k8']
[2026-08-06T09:05:02.199+0000] {standard_task_runner.py:91} INFO - Job 47: Subtask run_spark_batch_via_rest
[2026-08-06T09:05:02.281+0000] {task_command.py:426} INFO - Running <TaskInstance: kafka_batch_to_hdfs.run_spark_batch_via_rest scheduled__2026-08-06T09:00:00+00:00 [running]> on host 0e24f9b9c67a
[2026-08-06T09:05:02.379+0000] {taskinstance.py:2648} INFO - Exporting env vars: AIRFLOW_CTX_DAG_OWNER='***' AIRFLOW_CTX_DAG_ID='kafka_batch_to_hdfs' AIRFLOW_CTX_TASK_ID='run_spark_batch_via_rest' AIRFLOW_CTX_EXECUTION_DATE='2026-08-06T09:00:00+00:00' AIRFLOW_CTX_TRY_NUMBER='1' AIRFLOW_CTX_DAG_RUN_ID='scheduled__2026-08-06T09:00:00+00:00'
[2026-08-06T09:05:02.381+0000] {taskinstance.py:430} INFO - ::endgroup::
[2026-08-06T09:05:02.408+0000] {logging_mixin.py:188} INFO - >>> 제출 완료. submissionId=driver-20260806090502-0003
[2026-08-06T09:05:02.410+0000] {python.py:237} INFO - Done. Returned value was: None
[2026-08-06T09:05:02.411+0000] {taskinstance.py:441} INFO - ::group::Post task execution logs
[2026-08-06T09:05:02.423+0000] {taskinstance.py:1206} INFO - Marking task as SUCCESS. dag_id=kafka_batch_to_hdfs, task_id=run_spark_batch_via_rest, run_id=scheduled__2026-08-06T09:00:00+00:00, execution_date=20260806T090000, start_date=20260806T090502, end_date=20260806T090502
[2026-08-06T09:05:02.450+0000] {local_task_job_runner.py:240} INFO - Task exited with return code 0
[2026-08-06T09:05:02.474+0000] {taskinstance.py:3498} INFO - 0 downstream tasks scheduled from follow-on schedule check
[2026-08-06T09:05:02.481+0000] {local_task_job_runner.py:222} INFO - ::endgroup::
[2026-08-06T09:08:19.214+0000] {local_task_job_runner.py:120} INFO - ::group::Pre task execution logs
[2026-08-06T09:08:19.330+0000] {taskinstance.py:2076} INFO - Dependencies all met for dep_context=non-requeueable deps ti=<TaskInstance: kafka_batch_to_hdfs.run_spark_batch_via_rest scheduled__2026-08-06T09:00:00+00:00 [queued]>
[2026-08-06T09:08:19.356+0000] {taskinstance.py:2076} INFO - Dependencies all met for dep_context=requeueable deps ti=<TaskInstance: kafka_batch_to_hdfs.run_spark_batch_via_rest scheduled__2026-08-06T09:00:00+00:00 [queued]>
[2026-08-06T09:08:19.357+0000] {taskinstance.py:2306} INFO - Starting attempt 1 of 2
[2026-08-06T09:08:19.378+0000] {taskinstance.py:2330} INFO - Executing <Task(PythonOperator): run_spark_batch_via_rest> on 2026-08-06 09:00:00+00:00
[2026-08-06T09:08:19.383+0000] {standard_task_runner.py:63} INFO - Started process 62 to run task
[2026-08-06T09:08:19.388+0000] {standard_task_runner.py:90} INFO - Running: ['***', 'tasks', 'run', 'kafka_batch_to_hdfs', 'run_spark_batch_via_rest', 'scheduled__2026-08-06T09:00:00+00:00', '--job-id', '3', '--raw', '--subdir', 'DAGS_FOLDER/kafka_batch_to_hdfs_dag.py', '--cfg-path', '/tmp/tmpglkhiujz']
[2026-08-06T09:08:19.391+0000] {standard_task_runner.py:91} INFO - Job 3: Subtask run_spark_batch_via_rest
[2026-08-06T09:08:19.494+0000] {task_command.py:426} INFO - Running <TaskInstance: kafka_batch_to_hdfs.run_spark_batch_via_rest scheduled__2026-08-06T09:00:00+00:00 [running]> on host f651073215f5
[2026-08-06T09:08:19.602+0000] {taskinstance.py:2648} INFO - Exporting env vars: AIRFLOW_CTX_DAG_OWNER='***' AIRFLOW_CTX_DAG_ID='kafka_batch_to_hdfs' AIRFLOW_CTX_TASK_ID='run_spark_batch_via_rest' AIRFLOW_CTX_EXECUTION_DATE='2026-08-06T09:00:00+00:00' AIRFLOW_CTX_TRY_NUMBER='1' AIRFLOW_CTX_DAG_RUN_ID='scheduled__2026-08-06T09:00:00+00:00'
[2026-08-06T09:08:19.604+0000] {taskinstance.py:430} INFO - ::endgroup::
[2026-08-06T09:08:20.507+0000] {logging_mixin.py:188} INFO - >>> 제출 완료. submissionId=driver-20260806090820-0000
[2026-08-06T09:08:20.511+0000] {python.py:237} INFO - Done. Returned value was: None
[2026-08-06T09:08:20.513+0000] {taskinstance.py:441} INFO - ::group::Post task execution logs
[2026-08-06T09:08:20.530+0000] {taskinstance.py:1206} INFO - Marking task as SUCCESS. dag_id=kafka_batch_to_hdfs, task_id=run_spark_batch_via_rest, run_id=scheduled__2026-08-06T09:00:00+00:00, execution_date=20260806T090000, start_date=20260806T090819, end_date=20260806T090820
[2026-08-06T09:08:20.567+0000] {local_task_job_runner.py:240} INFO - Task exited with return code 0
[2026-08-06T09:08:20.602+0000] {taskinstance.py:3498} INFO - 0 downstream tasks scheduled from follow-on schedule check
[2026-08-06T09:08:20.608+0000] {local_task_job_runner.py:222} INFO - ::endgroup::
