[2026-08-06T08:29:04.964+0000] {local_task_job_runner.py:120} INFO - ::group::Pre task execution logs
[2026-08-06T08:29:05.181+0000] {taskinstance.py:2076} INFO - Dependencies all met for dep_context=non-requeueable deps ti=<TaskInstance: kafka_batch_to_hdfs.run_spark_batch_via_rest scheduled__2026-08-06T08:28:00+00:00 [queued]>
[2026-08-06T08:29:05.201+0000] {taskinstance.py:2076} INFO - Dependencies all met for dep_context=requeueable deps ti=<TaskInstance: kafka_batch_to_hdfs.run_spark_batch_via_rest scheduled__2026-08-06T08:28:00+00:00 [queued]>
[2026-08-06T08:29:05.204+0000] {taskinstance.py:2306} INFO - Starting attempt 1 of 2
[2026-08-06T08:29:05.232+0000] {taskinstance.py:2330} INFO - Executing <Task(PythonOperator): run_spark_batch_via_rest> on 2026-08-06 08:28:00+00:00
[2026-08-06T08:29:05.244+0000] {standard_task_runner.py:63} INFO - Started process 192 to run task
[2026-08-06T08:29:05.247+0000] {standard_task_runner.py:90} INFO - Running: ['***', 'tasks', 'run', 'kafka_batch_to_hdfs', 'run_spark_batch_via_rest', 'scheduled__2026-08-06T08:28:00+00:00', '--job-id', '13', '--raw', '--subdir', 'DAGS_FOLDER/kafka_batch_to_hdfs_dag.py', '--cfg-path', '/tmp/tmpuc9hzrry']
[2026-08-06T08:29:05.254+0000] {standard_task_runner.py:91} INFO - Job 13: Subtask run_spark_batch_via_rest
[2026-08-06T08:29:05.418+0000] {task_command.py:426} INFO - Running <TaskInstance: kafka_batch_to_hdfs.run_spark_batch_via_rest scheduled__2026-08-06T08:28:00+00:00 [running]> on host 0e24f9b9c67a
[2026-08-06T08:29:05.569+0000] {taskinstance.py:2648} INFO - Exporting env vars: AIRFLOW_CTX_DAG_OWNER='***' AIRFLOW_CTX_DAG_ID='kafka_batch_to_hdfs' AIRFLOW_CTX_TASK_ID='run_spark_batch_via_rest' AIRFLOW_CTX_EXECUTION_DATE='2026-08-06T08:28:00+00:00' AIRFLOW_CTX_TRY_NUMBER='1' AIRFLOW_CTX_DAG_RUN_ID='scheduled__2026-08-06T08:28:00+00:00'
[2026-08-06T08:29:05.574+0000] {taskinstance.py:430} INFO - ::endgroup::
[2026-08-06T08:29:05.599+0000] {taskinstance.py:441} INFO - ::group::Post task execution logs
[2026-08-06T08:29:05.600+0000] {taskinstance.py:2905} ERROR - Task failed with exception
Traceback (most recent call last):
  File "/home/airflow/.local/lib/python3.12/site-packages/urllib3/connection.py", line 198, in _new_conn
    sock = connection.create_connection(
           ^^^^^^^^^^^^^^^^^^^^^^^^^^^^^
  File "/home/airflow/.local/lib/python3.12/site-packages/urllib3/util/connection.py", line 85, in create_connection
    raise err
  File "/home/airflow/.local/lib/python3.12/site-packages/urllib3/util/connection.py", line 73, in create_connection
    sock.connect(sa)
ConnectionRefusedError: [Errno 111] Connection refused

The above exception was the direct cause of the following exception:

Traceback (most recent call last):
  File "/home/airflow/.local/lib/python3.12/site-packages/urllib3/connectionpool.py", line 793, in urlopen
    response = self._make_request(
               ^^^^^^^^^^^^^^^^^^^
  File "/home/airflow/.local/lib/python3.12/site-packages/urllib3/connectionpool.py", line 496, in _make_request
    conn.request(
  File "/home/airflow/.local/lib/python3.12/site-packages/urllib3/connection.py", line 400, in request
    self.endheaders()
  File "/usr/local/lib/python3.12/http/client.py", line 1331, in endheaders
    self._send_output(message_body, encode_chunked=encode_chunked)
  File "/usr/local/lib/python3.12/http/client.py", line 1091, in _send_output
    self.send(msg)
  File "/usr/local/lib/python3.12/http/client.py", line 1035, in send
    self.connect()
  File "/home/airflow/.local/lib/python3.12/site-packages/urllib3/connection.py", line 238, in connect
    self.sock = self._new_conn()
                ^^^^^^^^^^^^^^^^
  File "/home/airflow/.local/lib/python3.12/site-packages/urllib3/connection.py", line 213, in _new_conn
    raise NewConnectionError(
urllib3.exceptions.NewConnectionError: <urllib3.connection.HTTPConnection object at 0x7d630175df10>: Failed to establish a new connection: [Errno 111] Connection refused

The above exception was the direct cause of the following exception:

Traceback (most recent call last):
  File "/home/airflow/.local/lib/python3.12/site-packages/requests/adapters.py", line 486, in send
    resp = conn.urlopen(
           ^^^^^^^^^^^^^
  File "/home/airflow/.local/lib/python3.12/site-packages/urllib3/connectionpool.py", line 847, in urlopen
    retries = retries.increment(
              ^^^^^^^^^^^^^^^^^^
  File "/home/airflow/.local/lib/python3.12/site-packages/urllib3/util/retry.py", line 515, in increment
    raise MaxRetryError(_pool, url, reason) from reason  # type: ignore[arg-type]
    ^^^^^^^^^^^^^^^^^^^^^^^^^^^^^^^^^^^^^^^^^^^^^^^^^^^
urllib3.exceptions.MaxRetryError: HTTPConnectionPool(host='spark-master', port=6066): Max retries exceeded with url: /v1/submissions/create (Caused by NewConnectionError('<urllib3.connection.HTTPConnection object at 0x7d630175df10>: Failed to establish a new connection: [Errno 111] Connection refused'))

During handling of the above exception, another exception occurred:

Traceback (most recent call last):
  File "/home/airflow/.local/lib/python3.12/site-packages/airflow/models/taskinstance.py", line 465, in _execute_task
    result = _execute_callable(context=context, **execute_callable_kwargs)
             ^^^^^^^^^^^^^^^^^^^^^^^^^^^^^^^^^^^^^^^^^^^^^^^^^^^^^^^^^^^^^
  File "/home/airflow/.local/lib/python3.12/site-packages/airflow/models/taskinstance.py", line 432, in _execute_callable
    return execute_callable(context=context, **execute_callable_kwargs)
           ^^^^^^^^^^^^^^^^^^^^^^^^^^^^^^^^^^^^^^^^^^^^^^^^^^^^^^^^^^^^
  File "/home/airflow/.local/lib/python3.12/site-packages/airflow/models/baseoperator.py", line 400, in wrapper
    return func(self, *args, **kwargs)
           ^^^^^^^^^^^^^^^^^^^^^^^^^^^
  File "/home/airflow/.local/lib/python3.12/site-packages/airflow/operators/python.py", line 235, in execute
    return_value = self.execute_callable()
                   ^^^^^^^^^^^^^^^^^^^^^^^
  File "/home/airflow/.local/lib/python3.12/site-packages/airflow/operators/python.py", line 252, in execute_callable
    return self.python_callable(*self.op_args, **self.op_kwargs)
           ^^^^^^^^^^^^^^^^^^^^^^^^^^^^^^^^^^^^^^^^^^^^^^^^^^^^^
  File "/opt/airflow/dags/kafka_batch_to_hdfs_dag.py", line 24, in run_spark_batch_via_rest
    submit_result = requests.post(
                    ^^^^^^^^^^^^^^
  File "/home/airflow/.local/lib/python3.12/site-packages/requests/api.py", line 115, in post
    return request("post", url, data=data, json=json, **kwargs)
           ^^^^^^^^^^^^^^^^^^^^^^^^^^^^^^^^^^^^^^^^^^^^^^^^^^^^
  File "/home/airflow/.local/lib/python3.12/site-packages/requests/api.py", line 59, in request
    return session.request(method=method, url=url, **kwargs)
           ^^^^^^^^^^^^^^^^^^^^^^^^^^^^^^^^^^^^^^^^^^^^^^^^^
  File "/home/airflow/.local/lib/python3.12/site-packages/requests/sessions.py", line 589, in request
    resp = self.send(prep, **send_kwargs)
           ^^^^^^^^^^^^^^^^^^^^^^^^^^^^^^
  File "/home/airflow/.local/lib/python3.12/site-packages/requests/sessions.py", line 703, in send
    r = adapter.send(request, **kwargs)
        ^^^^^^^^^^^^^^^^^^^^^^^^^^^^^^^
  File "/home/airflow/.local/lib/python3.12/site-packages/requests/adapters.py", line 519, in send
    raise ConnectionError(e, request=request)
requests.exceptions.ConnectionError: HTTPConnectionPool(host='spark-master', port=6066): Max retries exceeded with url: /v1/submissions/create (Caused by NewConnectionError('<urllib3.connection.HTTPConnection object at 0x7d630175df10>: Failed to establish a new connection: [Errno 111] Connection refused'))
[2026-08-06T08:29:05.620+0000] {taskinstance.py:1206} INFO - Marking task as UP_FOR_RETRY. dag_id=kafka_batch_to_hdfs, task_id=run_spark_batch_via_rest, run_id=scheduled__2026-08-06T08:28:00+00:00, execution_date=20260806T082800, start_date=20260806T082905, end_date=20260806T082905
[2026-08-06T08:29:05.637+0000] {standard_task_runner.py:110} ERROR - Failed to execute job 13 for task run_spark_batch_via_rest (HTTPConnectionPool(host='spark-master', port=6066): Max retries exceeded with url: /v1/submissions/create (Caused by NewConnectionError('<urllib3.connection.HTTPConnection object at 0x7d630175df10>: Failed to establish a new connection: [Errno 111] Connection refused')); 192)
[2026-08-06T08:29:05.671+0000] {local_task_job_runner.py:240} INFO - Task exited with return code 1
[2026-08-06T08:29:05.694+0000] {taskinstance.py:3498} INFO - 0 downstream tasks scheduled from follow-on schedule check
[2026-08-06T08:29:05.700+0000] {local_task_job_runner.py:222} INFO - ::endgroup::
