[2026-08-06T08:15:02.969+0000] {local_task_job_runner.py:120} INFO - ::group::Pre task execution logs
[2026-08-06T08:15:03.087+0000] {taskinstance.py:2076} INFO - Dependencies all met for dep_context=non-requeueable deps ti=<TaskInstance: kafka_batch_to_hdfs.run_spark_batch_via_rest scheduled__2026-08-06T08:10:00+00:00 [queued]>
[2026-08-06T08:15:03.099+0000] {taskinstance.py:2076} INFO - Dependencies all met for dep_context=requeueable deps ti=<TaskInstance: kafka_batch_to_hdfs.run_spark_batch_via_rest scheduled__2026-08-06T08:10:00+00:00 [queued]>
[2026-08-06T08:15:03.101+0000] {taskinstance.py:2306} INFO - Starting attempt 1 of 2
[2026-08-06T08:15:03.121+0000] {taskinstance.py:2330} INFO - Executing <Task(PythonOperator): run_spark_batch_via_rest> on 2026-08-06 08:10:00+00:00
[2026-08-06T08:15:03.127+0000] {standard_task_runner.py:63} INFO - Started process 104 to run task
[2026-08-06T08:15:03.130+0000] {standard_task_runner.py:90} INFO - Running: ['***', 'tasks', 'run', 'kafka_batch_to_hdfs', 'run_spark_batch_via_rest', 'scheduled__2026-08-06T08:10:00+00:00', '--job-id', '5', '--raw', '--subdir', 'DAGS_FOLDER/kafka_batch_to_hdfs_dag.py', '--cfg-path', '/tmp/tmp6r5v58e6']
[2026-08-06T08:15:03.133+0000] {standard_task_runner.py:91} INFO - Job 5: Subtask run_spark_batch_via_rest
[2026-08-06T08:15:03.224+0000] {task_command.py:426} INFO - Running <TaskInstance: kafka_batch_to_hdfs.run_spark_batch_via_rest scheduled__2026-08-06T08:10:00+00:00 [running]> on host e1afffa1ace2
[2026-08-06T08:15:03.336+0000] {taskinstance.py:2648} INFO - Exporting env vars: AIRFLOW_CTX_DAG_OWNER='***' AIRFLOW_CTX_DAG_ID='kafka_batch_to_hdfs' AIRFLOW_CTX_TASK_ID='run_spark_batch_via_rest' AIRFLOW_CTX_EXECUTION_DATE='2026-08-06T08:10:00+00:00' AIRFLOW_CTX_TRY_NUMBER='1' AIRFLOW_CTX_DAG_RUN_ID='scheduled__2026-08-06T08:10:00+00:00'
[2026-08-06T08:15:03.338+0000] {taskinstance.py:430} INFO - ::endgroup::
[2026-08-06T08:15:03.359+0000] {taskinstance.py:441} INFO - ::group::Post task execution logs
[2026-08-06T08:15:03.360+0000] {taskinstance.py:2905} ERROR - Task failed with exception
Traceback (most recent call last):
  File "/home/airflow/.local/lib/python3.12/site-packages/urllib3/connection.py", line 198, in _new_conn
    sock = connection.create_connection(
           ^^^^^^^^^^^^^^^^^^^^^^^^^^^^^
  File "/home/airflow/.local/lib/python3.12/site-packages/urllib3/util/connection.py", line 85, in create_connection
    raise err
  File "/home/airflow/.local/lib/python3.12/site-packages/urllib3/util/connection.py", line 73, in create_connection
    sock.connect(sa)
ConnectionRefusedError: [Errno 111] Connection refused

The above exception was the direct cause of the following exception:

Traceback (most recent call last):
  File "/home/airflow/.local/lib/python3.12/site-packages/urllib3/connectionpool.py", line 793, in urlopen
    response = self._make_request(
               ^^^^^^^^^^^^^^^^^^^
  File "/home/airflow/.local/lib/python3.12/site-packages/urllib3/connectionpool.py", line 496, in _make_request
    conn.request(
  File "/home/airflow/.local/lib/python3.12/site-packages/urllib3/connection.py", line 400, in request
    self.endheaders()
  File "/usr/local/lib/python3.12/http/client.py", line 1331, in endheaders
    self._send_output(message_body, encode_chunked=encode_chunked)
  File "/usr/local/lib/python3.12/http/client.py", line 1091, in _send_output
    self.send(msg)
  File "/usr/local/lib/python3.12/http/client.py", line 1035, in send
    self.connect()
  File "/home/airflow/.local/lib/python3.12/site-packages/urllib3/connection.py", line 238, in connect
    self.sock = self._new_conn()
                ^^^^^^^^^^^^^^^^
  File "/home/airflow/.local/lib/python3.12/site-packages/urllib3/connection.py", line 213, in _new_conn
    raise NewConnectionError(
urllib3.exceptions.NewConnectionError: <urllib3.connection.HTTPConnection object at 0x7268f433fec0>: Failed to establish a new connection: [Errno 111] Connection refused

The above exception was the direct cause of the following exception:

Traceback (most recent call last):
  File "/home/airflow/.local/lib/python3.12/site-packages/requests/adapters.py", line 486, in send
    resp = conn.urlopen(
           ^^^^^^^^^^^^^
  File "/home/airflow/.local/lib/python3.12/site-packages/urllib3/connectionpool.py", line 847, in urlopen
    retries = retries.increment(
              ^^^^^^^^^^^^^^^^^^
  File "/home/airflow/.local/lib/python3.12/site-packages/urllib3/util/retry.py", line 515, in increment
    raise MaxRetryError(_pool, url, reason) from reason  # type: ignore[arg-type]
    ^^^^^^^^^^^^^^^^^^^^^^^^^^^^^^^^^^^^^^^^^^^^^^^^^^^
urllib3.exceptions.MaxRetryError: HTTPConnectionPool(host='spark-master', port=6066): Max retries exceeded with url: /v1/submissions/create (Caused by NewConnectionError('<urllib3.connection.HTTPConnection object at 0x7268f433fec0>: Failed to establish a new connection: [Errno 111] Connection refused'))

During handling of the above exception, another exception occurred:

Traceback (most recent call last):
  File "/home/airflow/.local/lib/python3.12/site-packages/airflow/models/taskinstance.py", line 465, in _execute_task
    result = _execute_callable(context=context, **execute_callable_kwargs)
             ^^^^^^^^^^^^^^^^^^^^^^^^^^^^^^^^^^^^^^^^^^^^^^^^^^^^^^^^^^^^^
  File "/home/airflow/.local/lib/python3.12/site-packages/airflow/models/taskinstance.py", line 432, in _execute_callable
    return execute_callable(context=context, **execute_callable_kwargs)
           ^^^^^^^^^^^^^^^^^^^^^^^^^^^^^^^^^^^^^^^^^^^^^^^^^^^^^^^^^^^^
  File "/home/airflow/.local/lib/python3.12/site-packages/airflow/models/baseoperator.py", line 400, in wrapper
    return func(self, *args, **kwargs)
           ^^^^^^^^^^^^^^^^^^^^^^^^^^^
  File "/home/airflow/.local/lib/python3.12/site-packages/airflow/operators/python.py", line 235, in execute
    return_value = self.execute_callable()
                   ^^^^^^^^^^^^^^^^^^^^^^^
  File "/home/airflow/.local/lib/python3.12/site-packages/airflow/operators/python.py", line 252, in execute_callable
    return self.python_callable(*self.op_args, **self.op_kwargs)
           ^^^^^^^^^^^^^^^^^^^^^^^^^^^^^^^^^^^^^^^^^^^^^^^^^^^^^
  File "/opt/airflow/dags/kafka_batch_to_hdfs_dag.py", line 24, in run_spark_batch_via_rest
    submit_result = requests.post(
                    ^^^^^^^^^^^^^^
  File "/home/airflow/.local/lib/python3.12/site-packages/requests/api.py", line 115, in post
    return request("post", url, data=data, json=json, **kwargs)
           ^^^^^^^^^^^^^^^^^^^^^^^^^^^^^^^^^^^^^^^^^^^^^^^^^^^^
  File "/home/airflow/.local/lib/python3.12/site-packages/requests/api.py", line 59, in request
    return session.request(method=method, url=url, **kwargs)
           ^^^^^^^^^^^^^^^^^^^^^^^^^^^^^^^^^^^^^^^^^^^^^^^^^
  File "/home/airflow/.local/lib/python3.12/site-packages/requests/sessions.py", line 589, in request
    resp = self.send(prep, **send_kwargs)
           ^^^^^^^^^^^^^^^^^^^^^^^^^^^^^^
  File "/home/airflow/.local/lib/python3.12/site-packages/requests/sessions.py", line 703, in send
    r = adapter.send(request, **kwargs)
        ^^^^^^^^^^^^^^^^^^^^^^^^^^^^^^^
  File "/home/airflow/.local/lib/python3.12/site-packages/requests/adapters.py", line 519, in send
    raise ConnectionError(e, request=request)
requests.exceptions.ConnectionError: HTTPConnectionPool(host='spark-master', port=6066): Max retries exceeded with url: /v1/submissions/create (Caused by NewConnectionError('<urllib3.connection.HTTPConnection object at 0x7268f433fec0>: Failed to establish a new connection: [Errno 111] Connection refused'))
[2026-08-06T08:15:03.382+0000] {taskinstance.py:1206} INFO - Marking task as UP_FOR_RETRY. dag_id=kafka_batch_to_hdfs, task_id=run_spark_batch_via_rest, run_id=scheduled__2026-08-06T08:10:00+00:00, execution_date=20260806T081000, start_date=20260806T081503, end_date=20260806T081503
[2026-08-06T08:15:03.396+0000] {standard_task_runner.py:110} ERROR - Failed to execute job 5 for task run_spark_batch_via_rest (HTTPConnectionPool(host='spark-master', port=6066): Max retries exceeded with url: /v1/submissions/create (Caused by NewConnectionError('<urllib3.connection.HTTPConnection object at 0x7268f433fec0>: Failed to establish a new connection: [Errno 111] Connection refused')); 104)
[2026-08-06T08:15:03.425+0000] {local_task_job_runner.py:240} INFO - Task exited with return code 1
[2026-08-06T08:15:03.443+0000] {taskinstance.py:3498} INFO - 0 downstream tasks scheduled from follow-on schedule check
[2026-08-06T08:15:03.448+0000] {local_task_job_runner.py:222} INFO - ::endgroup::
[2026-08-06T08:15:50.874+0000] {local_task_job_runner.py:120} INFO - ::group::Pre task execution logs
[2026-08-06T08:15:50.988+0000] {taskinstance.py:2076} INFO - Dependencies all met for dep_context=non-requeueable deps ti=<TaskInstance: kafka_batch_to_hdfs.run_spark_batch_via_rest scheduled__2026-08-06T08:10:00+00:00 [queued]>
[2026-08-06T08:15:50.998+0000] {taskinstance.py:2076} INFO - Dependencies all met for dep_context=requeueable deps ti=<TaskInstance: kafka_batch_to_hdfs.run_spark_batch_via_rest scheduled__2026-08-06T08:10:00+00:00 [queued]>
[2026-08-06T08:15:50.999+0000] {taskinstance.py:2306} INFO - Starting attempt 1 of 2
[2026-08-06T08:15:51.015+0000] {taskinstance.py:2330} INFO - Executing <Task(PythonOperator): run_spark_batch_via_rest> on 2026-08-06 08:10:00+00:00
[2026-08-06T08:15:51.022+0000] {standard_task_runner.py:63} INFO - Started process 62 to run task
[2026-08-06T08:15:51.025+0000] {standard_task_runner.py:90} INFO - Running: ['***', 'tasks', 'run', 'kafka_batch_to_hdfs', 'run_spark_batch_via_rest', 'scheduled__2026-08-06T08:10:00+00:00', '--job-id', '3', '--raw', '--subdir', 'DAGS_FOLDER/kafka_batch_to_hdfs_dag.py', '--cfg-path', '/tmp/tmp_1t_re4h']
[2026-08-06T08:15:51.029+0000] {standard_task_runner.py:91} INFO - Job 3: Subtask run_spark_batch_via_rest
[2026-08-06T08:15:51.127+0000] {task_command.py:426} INFO - Running <TaskInstance: kafka_batch_to_hdfs.run_spark_batch_via_rest scheduled__2026-08-06T08:10:00+00:00 [running]> on host 57ecd3303103
[2026-08-06T08:15:51.299+0000] {taskinstance.py:2648} INFO - Exporting env vars: AIRFLOW_CTX_DAG_OWNER='***' AIRFLOW_CTX_DAG_ID='kafka_batch_to_hdfs' AIRFLOW_CTX_TASK_ID='run_spark_batch_via_rest' AIRFLOW_CTX_EXECUTION_DATE='2026-08-06T08:10:00+00:00' AIRFLOW_CTX_TRY_NUMBER='1' AIRFLOW_CTX_DAG_RUN_ID='scheduled__2026-08-06T08:10:00+00:00'
[2026-08-06T08:15:51.303+0000] {taskinstance.py:430} INFO - ::endgroup::
[2026-08-06T08:15:51.342+0000] {taskinstance.py:441} INFO - ::group::Post task execution logs
[2026-08-06T08:15:51.344+0000] {taskinstance.py:2905} ERROR - Task failed with exception
Traceback (most recent call last):
  File "/home/airflow/.local/lib/python3.12/site-packages/urllib3/connection.py", line 198, in _new_conn
    sock = connection.create_connection(
           ^^^^^^^^^^^^^^^^^^^^^^^^^^^^^
  File "/home/airflow/.local/lib/python3.12/site-packages/urllib3/util/connection.py", line 85, in create_connection
    raise err
  File "/home/airflow/.local/lib/python3.12/site-packages/urllib3/util/connection.py", line 73, in create_connection
    sock.connect(sa)
ConnectionRefusedError: [Errno 111] Connection refused

The above exception was the direct cause of the following exception:

Traceback (most recent call last):
  File "/home/airflow/.local/lib/python3.12/site-packages/urllib3/connectionpool.py", line 793, in urlopen
    response = self._make_request(
               ^^^^^^^^^^^^^^^^^^^
  File "/home/airflow/.local/lib/python3.12/site-packages/urllib3/connectionpool.py", line 496, in _make_request
    conn.request(
  File "/home/airflow/.local/lib/python3.12/site-packages/urllib3/connection.py", line 400, in request
    self.endheaders()
  File "/usr/local/lib/python3.12/http/client.py", line 1331, in endheaders
    self._send_output(message_body, encode_chunked=encode_chunked)
  File "/usr/local/lib/python3.12/http/client.py", line 1091, in _send_output
    self.send(msg)
  File "/usr/local/lib/python3.12/http/client.py", line 1035, in send
    self.connect()
  File "/home/airflow/.local/lib/python3.12/site-packages/urllib3/connection.py", line 238, in connect
    self.sock = self._new_conn()
                ^^^^^^^^^^^^^^^^
  File "/home/airflow/.local/lib/python3.12/site-packages/urllib3/connection.py", line 213, in _new_conn
    raise NewConnectionError(
urllib3.exceptions.NewConnectionError: <urllib3.connection.HTTPConnection object at 0x71ff9ef47ec0>: Failed to establish a new connection: [Errno 111] Connection refused

The above exception was the direct cause of the following exception:

Traceback (most recent call last):
  File "/home/airflow/.local/lib/python3.12/site-packages/requests/adapters.py", line 486, in send
    resp = conn.urlopen(
           ^^^^^^^^^^^^^
  File "/home/airflow/.local/lib/python3.12/site-packages/urllib3/connectionpool.py", line 847, in urlopen
    retries = retries.increment(
              ^^^^^^^^^^^^^^^^^^
  File "/home/airflow/.local/lib/python3.12/site-packages/urllib3/util/retry.py", line 515, in increment
    raise MaxRetryError(_pool, url, reason) from reason  # type: ignore[arg-type]
    ^^^^^^^^^^^^^^^^^^^^^^^^^^^^^^^^^^^^^^^^^^^^^^^^^^^
urllib3.exceptions.MaxRetryError: HTTPConnectionPool(host='spark-master', port=6066): Max retries exceeded with url: /v1/submissions/create (Caused by NewConnectionError('<urllib3.connection.HTTPConnection object at 0x71ff9ef47ec0>: Failed to establish a new connection: [Errno 111] Connection refused'))

During handling of the above exception, another exception occurred:

Traceback (most recent call last):
  File "/home/airflow/.local/lib/python3.12/site-packages/airflow/models/taskinstance.py", line 465, in _execute_task
    result = _execute_callable(context=context, **execute_callable_kwargs)
             ^^^^^^^^^^^^^^^^^^^^^^^^^^^^^^^^^^^^^^^^^^^^^^^^^^^^^^^^^^^^^
  File "/home/airflow/.local/lib/python3.12/site-packages/airflow/models/taskinstance.py", line 432, in _execute_callable
    return execute_callable(context=context, **execute_callable_kwargs)
           ^^^^^^^^^^^^^^^^^^^^^^^^^^^^^^^^^^^^^^^^^^^^^^^^^^^^^^^^^^^^
  File "/home/airflow/.local/lib/python3.12/site-packages/airflow/models/baseoperator.py", line 400, in wrapper
    return func(self, *args, **kwargs)
           ^^^^^^^^^^^^^^^^^^^^^^^^^^^
  File "/home/airflow/.local/lib/python3.12/site-packages/airflow/operators/python.py", line 235, in execute
    return_value = self.execute_callable()
                   ^^^^^^^^^^^^^^^^^^^^^^^
  File "/home/airflow/.local/lib/python3.12/site-packages/airflow/operators/python.py", line 252, in execute_callable
    return self.python_callable(*self.op_args, **self.op_kwargs)
           ^^^^^^^^^^^^^^^^^^^^^^^^^^^^^^^^^^^^^^^^^^^^^^^^^^^^^
  File "/opt/airflow/dags/kafka_batch_to_hdfs_dag.py", line 24, in run_spark_batch_via_rest
    submit_result = requests.post(
                    ^^^^^^^^^^^^^^
  File "/home/airflow/.local/lib/python3.12/site-packages/requests/api.py", line 115, in post
    return request("post", url, data=data, json=json, **kwargs)
           ^^^^^^^^^^^^^^^^^^^^^^^^^^^^^^^^^^^^^^^^^^^^^^^^^^^^
  File "/home/airflow/.local/lib/python3.12/site-packages/requests/api.py", line 59, in request
    return session.request(method=method, url=url, **kwargs)
           ^^^^^^^^^^^^^^^^^^^^^^^^^^^^^^^^^^^^^^^^^^^^^^^^^
  File "/home/airflow/.local/lib/python3.12/site-packages/requests/sessions.py", line 589, in request
    resp = self.send(prep, **send_kwargs)
           ^^^^^^^^^^^^^^^^^^^^^^^^^^^^^^
  File "/home/airflow/.local/lib/python3.12/site-packages/requests/sessions.py", line 703, in send
    r = adapter.send(request, **kwargs)
        ^^^^^^^^^^^^^^^^^^^^^^^^^^^^^^^
  File "/home/airflow/.local/lib/python3.12/site-packages/requests/adapters.py", line 519, in send
    raise ConnectionError(e, request=request)
requests.exceptions.ConnectionError: HTTPConnectionPool(host='spark-master', port=6066): Max retries exceeded with url: /v1/submissions/create (Caused by NewConnectionError('<urllib3.connection.HTTPConnection object at 0x71ff9ef47ec0>: Failed to establish a new connection: [Errno 111] Connection refused'))
[2026-08-06T08:15:51.363+0000] {taskinstance.py:1206} INFO - Marking task as UP_FOR_RETRY. dag_id=kafka_batch_to_hdfs, task_id=run_spark_batch_via_rest, run_id=scheduled__2026-08-06T08:10:00+00:00, execution_date=20260806T081000, start_date=20260806T081550, end_date=20260806T081551
[2026-08-06T08:15:51.379+0000] {standard_task_runner.py:110} ERROR - Failed to execute job 3 for task run_spark_batch_via_rest (HTTPConnectionPool(host='spark-master', port=6066): Max retries exceeded with url: /v1/submissions/create (Caused by NewConnectionError('<urllib3.connection.HTTPConnection object at 0x71ff9ef47ec0>: Failed to establish a new connection: [Errno 111] Connection refused')); 62)
[2026-08-06T08:15:51.407+0000] {local_task_job_runner.py:240} INFO - Task exited with return code 1
[2026-08-06T08:15:51.427+0000] {taskinstance.py:3498} INFO - 0 downstream tasks scheduled from follow-on schedule check
[2026-08-06T08:15:51.432+0000] {local_task_job_runner.py:222} INFO - ::endgroup::
[2026-08-06T08:18:15.772+0000] {local_task_job_runner.py:120} INFO - ::group::Pre task execution logs
[2026-08-06T08:18:15.951+0000] {taskinstance.py:2076} INFO - Dependencies all met for dep_context=non-requeueable deps ti=<TaskInstance: kafka_batch_to_hdfs.run_spark_batch_via_rest scheduled__2026-08-06T08:10:00+00:00 [queued]>
[2026-08-06T08:18:15.973+0000] {taskinstance.py:2076} INFO - Dependencies all met for dep_context=requeueable deps ti=<TaskInstance: kafka_batch_to_hdfs.run_spark_batch_via_rest scheduled__2026-08-06T08:10:00+00:00 [queued]>
[2026-08-06T08:18:15.974+0000] {taskinstance.py:2306} INFO - Starting attempt 1 of 2
[2026-08-06T08:18:16.003+0000] {taskinstance.py:2330} INFO - Executing <Task(PythonOperator): run_spark_batch_via_rest> on 2026-08-06 08:10:00+00:00
[2026-08-06T08:18:16.016+0000] {standard_task_runner.py:63} INFO - Started process 69 to run task
[2026-08-06T08:18:16.020+0000] {standard_task_runner.py:90} INFO - Running: ['***', 'tasks', 'run', 'kafka_batch_to_hdfs', 'run_spark_batch_via_rest', 'scheduled__2026-08-06T08:10:00+00:00', '--job-id', '3', '--raw', '--subdir', 'DAGS_FOLDER/kafka_batch_to_hdfs_dag.py', '--cfg-path', '/tmp/tmp6q4p__40']
[2026-08-06T08:18:16.034+0000] {standard_task_runner.py:91} INFO - Job 3: Subtask run_spark_batch_via_rest
[2026-08-06T08:18:16.132+0000] {task_command.py:426} INFO - Running <TaskInstance: kafka_batch_to_hdfs.run_spark_batch_via_rest scheduled__2026-08-06T08:10:00+00:00 [running]> on host 0e24f9b9c67a
[2026-08-06T08:18:16.243+0000] {taskinstance.py:2648} INFO - Exporting env vars: AIRFLOW_CTX_DAG_OWNER='***' AIRFLOW_CTX_DAG_ID='kafka_batch_to_hdfs' AIRFLOW_CTX_TASK_ID='run_spark_batch_via_rest' AIRFLOW_CTX_EXECUTION_DATE='2026-08-06T08:10:00+00:00' AIRFLOW_CTX_TRY_NUMBER='1' AIRFLOW_CTX_DAG_RUN_ID='scheduled__2026-08-06T08:10:00+00:00'
[2026-08-06T08:18:16.245+0000] {taskinstance.py:430} INFO - ::endgroup::
[2026-08-06T08:18:16.285+0000] {taskinstance.py:441} INFO - ::group::Post task execution logs
[2026-08-06T08:18:16.287+0000] {taskinstance.py:2905} ERROR - Task failed with exception
Traceback (most recent call last):
  File "/home/airflow/.local/lib/python3.12/site-packages/urllib3/connection.py", line 198, in _new_conn
    sock = connection.create_connection(
           ^^^^^^^^^^^^^^^^^^^^^^^^^^^^^
  File "/home/airflow/.local/lib/python3.12/site-packages/urllib3/util/connection.py", line 85, in create_connection
    raise err
  File "/home/airflow/.local/lib/python3.12/site-packages/urllib3/util/connection.py", line 73, in create_connection
    sock.connect(sa)
ConnectionRefusedError: [Errno 111] Connection refused

The above exception was the direct cause of the following exception:

Traceback (most recent call last):
  File "/home/airflow/.local/lib/python3.12/site-packages/urllib3/connectionpool.py", line 793, in urlopen
    response = self._make_request(
               ^^^^^^^^^^^^^^^^^^^
  File "/home/airflow/.local/lib/python3.12/site-packages/urllib3/connectionpool.py", line 496, in _make_request
    conn.request(
  File "/home/airflow/.local/lib/python3.12/site-packages/urllib3/connection.py", line 400, in request
    self.endheaders()
  File "/usr/local/lib/python3.12/http/client.py", line 1331, in endheaders
    self._send_output(message_body, encode_chunked=encode_chunked)
  File "/usr/local/lib/python3.12/http/client.py", line 1091, in _send_output
    self.send(msg)
  File "/usr/local/lib/python3.12/http/client.py", line 1035, in send
    self.connect()
  File "/home/airflow/.local/lib/python3.12/site-packages/urllib3/connection.py", line 238, in connect
    self.sock = self._new_conn()
                ^^^^^^^^^^^^^^^^
  File "/home/airflow/.local/lib/python3.12/site-packages/urllib3/connection.py", line 213, in _new_conn
    raise NewConnectionError(
urllib3.exceptions.NewConnectionError: <urllib3.connection.HTTPConnection object at 0x72fa184ece00>: Failed to establish a new connection: [Errno 111] Connection refused

The above exception was the direct cause of the following exception:

Traceback (most recent call last):
  File "/home/airflow/.local/lib/python3.12/site-packages/requests/adapters.py", line 486, in send
    resp = conn.urlopen(
           ^^^^^^^^^^^^^
  File "/home/airflow/.local/lib/python3.12/site-packages/urllib3/connectionpool.py", line 847, in urlopen
    retries = retries.increment(
              ^^^^^^^^^^^^^^^^^^
  File "/home/airflow/.local/lib/python3.12/site-packages/urllib3/util/retry.py", line 515, in increment
    raise MaxRetryError(_pool, url, reason) from reason  # type: ignore[arg-type]
    ^^^^^^^^^^^^^^^^^^^^^^^^^^^^^^^^^^^^^^^^^^^^^^^^^^^
urllib3.exceptions.MaxRetryError: HTTPConnectionPool(host='spark-master', port=6066): Max retries exceeded with url: /v1/submissions/create (Caused by NewConnectionError('<urllib3.connection.HTTPConnection object at 0x72fa184ece00>: Failed to establish a new connection: [Errno 111] Connection refused'))

During handling of the above exception, another exception occurred:

Traceback (most recent call last):
  File "/home/airflow/.local/lib/python3.12/site-packages/airflow/models/taskinstance.py", line 465, in _execute_task
    result = _execute_callable(context=context, **execute_callable_kwargs)
             ^^^^^^^^^^^^^^^^^^^^^^^^^^^^^^^^^^^^^^^^^^^^^^^^^^^^^^^^^^^^^
  File "/home/airflow/.local/lib/python3.12/site-packages/airflow/models/taskinstance.py", line 432, in _execute_callable
    return execute_callable(context=context, **execute_callable_kwargs)
           ^^^^^^^^^^^^^^^^^^^^^^^^^^^^^^^^^^^^^^^^^^^^^^^^^^^^^^^^^^^^
  File "/home/airflow/.local/lib/python3.12/site-packages/airflow/models/baseoperator.py", line 400, in wrapper
    return func(self, *args, **kwargs)
           ^^^^^^^^^^^^^^^^^^^^^^^^^^^
  File "/home/airflow/.local/lib/python3.12/site-packages/airflow/operators/python.py", line 235, in execute
    return_value = self.execute_callable()
                   ^^^^^^^^^^^^^^^^^^^^^^^
  File "/home/airflow/.local/lib/python3.12/site-packages/airflow/operators/python.py", line 252, in execute_callable
    return self.python_callable(*self.op_args, **self.op_kwargs)
           ^^^^^^^^^^^^^^^^^^^^^^^^^^^^^^^^^^^^^^^^^^^^^^^^^^^^^
  File "/opt/airflow/dags/kafka_batch_to_hdfs_dag.py", line 24, in run_spark_batch_via_rest
    submit_result = requests.post(
                    ^^^^^^^^^^^^^^
  File "/home/airflow/.local/lib/python3.12/site-packages/requests/api.py", line 115, in post
    return request("post", url, data=data, json=json, **kwargs)
           ^^^^^^^^^^^^^^^^^^^^^^^^^^^^^^^^^^^^^^^^^^^^^^^^^^^^
  File "/home/airflow/.local/lib/python3.12/site-packages/requests/api.py", line 59, in request
    return session.request(method=method, url=url, **kwargs)
           ^^^^^^^^^^^^^^^^^^^^^^^^^^^^^^^^^^^^^^^^^^^^^^^^^
  File "/home/airflow/.local/lib/python3.12/site-packages/requests/sessions.py", line 589, in request
    resp = self.send(prep, **send_kwargs)
           ^^^^^^^^^^^^^^^^^^^^^^^^^^^^^^
  File "/home/airflow/.local/lib/python3.12/site-packages/requests/sessions.py", line 703, in send
    r = adapter.send(request, **kwargs)
        ^^^^^^^^^^^^^^^^^^^^^^^^^^^^^^^
  File "/home/airflow/.local/lib/python3.12/site-packages/requests/adapters.py", line 519, in send
    raise ConnectionError(e, request=request)
requests.exceptions.ConnectionError: HTTPConnectionPool(host='spark-master', port=6066): Max retries exceeded with url: /v1/submissions/create (Caused by NewConnectionError('<urllib3.connection.HTTPConnection object at 0x72fa184ece00>: Failed to establish a new connection: [Errno 111] Connection refused'))
[2026-08-06T08:18:16.309+0000] {taskinstance.py:1206} INFO - Marking task as UP_FOR_RETRY. dag_id=kafka_batch_to_hdfs, task_id=run_spark_batch_via_rest, run_id=scheduled__2026-08-06T08:10:00+00:00, execution_date=20260806T081000, start_date=20260806T081815, end_date=20260806T081816
[2026-08-06T08:18:16.331+0000] {standard_task_runner.py:110} ERROR - Failed to execute job 3 for task run_spark_batch_via_rest (HTTPConnectionPool(host='spark-master', port=6066): Max retries exceeded with url: /v1/submissions/create (Caused by NewConnectionError('<urllib3.connection.HTTPConnection object at 0x72fa184ece00>: Failed to establish a new connection: [Errno 111] Connection refused')); 69)
[2026-08-06T08:18:16.364+0000] {local_task_job_runner.py:240} INFO - Task exited with return code 1
[2026-08-06T08:18:16.382+0000] {taskinstance.py:3498} INFO - 0 downstream tasks scheduled from follow-on schedule check
[2026-08-06T08:18:16.387+0000] {local_task_job_runner.py:222} INFO - ::endgroup::
