[2026-08-06T08:39:39.895+0000] {local_task_job_runner.py:120} INFO - ::group::Pre task execution logs
[2026-08-06T08:39:40.008+0000] {taskinstance.py:2076} INFO - Dependencies all met for dep_context=non-requeueable deps ti=<TaskInstance: kafka_batch_to_hdfs.run_spark_batch_via_rest scheduled__2026-08-06T08:38:00+00:00 [queued]>
[2026-08-06T08:39:40.018+0000] {taskinstance.py:2076} INFO - Dependencies all met for dep_context=requeueable deps ti=<TaskInstance: kafka_batch_to_hdfs.run_spark_batch_via_rest scheduled__2026-08-06T08:38:00+00:00 [queued]>
[2026-08-06T08:39:40.020+0000] {taskinstance.py:2306} INFO - Starting attempt 1 of 2
[2026-08-06T08:39:40.036+0000] {taskinstance.py:2330} INFO - Executing <Task(PythonOperator): run_spark_batch_via_rest> on 2026-08-06 08:38:00+00:00
[2026-08-06T08:39:40.041+0000] {standard_task_runner.py:63} INFO - Started process 123 to run task
[2026-08-06T08:39:40.045+0000] {standard_task_runner.py:90} INFO - Running: ['***', 'tasks', 'run', 'kafka_batch_to_hdfs', 'run_spark_batch_via_rest', 'scheduled__2026-08-06T08:38:00+00:00', '--job-id', '25', '--raw', '--subdir', 'DAGS_FOLDER/kafka_batch_to_hdfs_dag.py', '--cfg-path', '/tmp/tmpg5pz9l36']
[2026-08-06T08:39:40.047+0000] {standard_task_runner.py:91} INFO - Job 25: Subtask run_spark_batch_via_rest
[2026-08-06T08:39:40.123+0000] {task_command.py:426} INFO - Running <TaskInstance: kafka_batch_to_hdfs.run_spark_batch_via_rest scheduled__2026-08-06T08:38:00+00:00 [running]> on host 0e24f9b9c67a
[2026-08-06T08:39:40.220+0000] {taskinstance.py:2648} INFO - Exporting env vars: AIRFLOW_CTX_DAG_OWNER='***' AIRFLOW_CTX_DAG_ID='kafka_batch_to_hdfs' AIRFLOW_CTX_TASK_ID='run_spark_batch_via_rest' AIRFLOW_CTX_EXECUTION_DATE='2026-08-06T08:38:00+00:00' AIRFLOW_CTX_TRY_NUMBER='1' AIRFLOW_CTX_DAG_RUN_ID='scheduled__2026-08-06T08:38:00+00:00'
[2026-08-06T08:39:40.222+0000] {taskinstance.py:430} INFO - ::endgroup::
[2026-08-06T08:39:40.242+0000] {taskinstance.py:441} INFO - ::group::Post task execution logs
[2026-08-06T08:39:40.254+0000] {taskinstance.py:2905} ERROR - Task failed with exception
Traceback (most recent call last):
  File "/home/airflow/.local/lib/python3.12/site-packages/airflow/models/taskinstance.py", line 465, in _execute_task
    result = _execute_callable(context=context, **execute_callable_kwargs)
             ^^^^^^^^^^^^^^^^^^^^^^^^^^^^^^^^^^^^^^^^^^^^^^^^^^^^^^^^^^^^^
  File "/home/airflow/.local/lib/python3.12/site-packages/airflow/models/taskinstance.py", line 432, in _execute_callable
    return execute_callable(context=context, **execute_callable_kwargs)
           ^^^^^^^^^^^^^^^^^^^^^^^^^^^^^^^^^^^^^^^^^^^^^^^^^^^^^^^^^^^^
  File "/home/airflow/.local/lib/python3.12/site-packages/airflow/models/baseoperator.py", line 400, in wrapper
    return func(self, *args, **kwargs)
           ^^^^^^^^^^^^^^^^^^^^^^^^^^^
  File "/home/airflow/.local/lib/python3.12/site-packages/airflow/operators/python.py", line 235, in execute
    return_value = self.execute_callable()
                   ^^^^^^^^^^^^^^^^^^^^^^^
  File "/home/airflow/.local/lib/python3.12/site-packages/airflow/operators/python.py", line 252, in execute_callable
    return self.python_callable(*self.op_args, **self.op_kwargs)
           ^^^^^^^^^^^^^^^^^^^^^^^^^^^^^^^^^^^^^^^^^^^^^^^^^^^^^
  File "/opt/airflow/dags/kafka_batch_to_hdfs_dag.py", line 41, in run_spark_batch_via_rest
    raise AirflowException(f"spark-submit 제출 실패: {submit_result}")
airflow.exceptions.AirflowException: spark-submit 제출 실패: {'action': 'ErrorResponse', 'message': 'Malformed request: org.apache.spark.deploy.rest.SubmitRestProtocolException: Validation of message CreateSubmissionRequest failed!\n\torg.apache.spark.deploy.rest.SubmitRestProtocolMessage.validate(SubmitRestProtocolMessage.scala:70)\n\torg.apache.spark.deploy.rest.SubmitRequestServlet.doPost(RestSubmissionServer.scala:274)\n\tjavax.servlet.http.HttpServlet.service(HttpServlet.java:523)\n\tjavax.servlet.http.HttpServlet.service(HttpServlet.java:590)\n\torg.sparkproject.jetty.servlet.ServletHolder.handle(ServletHolder.java:791)\n\torg.sparkproject.jetty.servlet.ServletHandler.doHandle(ServletHandler.java:550)\n\torg.sparkproject.jetty.server.handler.ScopedHandler.nextHandle(ScopedHandler.java:233)\n\torg.sparkproject.jetty.server.handler.ContextHandler.doHandle(ContextHandler.java:1435)\n\torg.sparkproject.jetty.server.handler.ScopedHandler.nextScope(ScopedHandler.java:188)\n\torg.sparkproject.jetty.servlet.ServletHandler.doScope(ServletHandler.java:501)\n\torg.sparkproject.jetty.server.handler.ScopedHandler.nextScope(ScopedHandler.java:186)\n\torg.sparkproject.jetty.server.handler.ContextHandler.doScope(ContextHandler.java:1350)\n\torg.sparkproject.jetty.server.handler.ScopedHandler.handle(ScopedHandler.java:141)\n\torg.sparkproject.jetty.server.handler.HandlerWrapper.handle(HandlerWrapper.java:127)\n\torg.sparkproject.jetty.server.Server.handle(Server.java:516)\n\torg.sparkproject.jetty.server.HttpChannel.lambda$handle$1(HttpChannel.java:388)\n\torg.sparkproject.jetty.server.HttpChannel.dispatch(HttpChannel.java:633)\n\torg.sparkproject.jetty.server.HttpChannel.handle(HttpChannel.java:380)\n\torg.sparkproject.jetty.server.HttpConnection.onFillable(HttpConnection.java:273)\n\torg.sparkproject.jetty.io.AbstractConnection$ReadCallback.succeeded(AbstractConnection.java:311)\n\torg.sparkproject.jetty.io.FillInterest.fillable(FillInterest.java:105)\n\torg.sparkproject.jetty.io.ChannelEndPoint$1.run(ChannelEndPoint.java:104)\n\torg.sparkproject.jetty.util.thread.strategy.EatWhatYouKill.runTask(EatWhatYouKill.java:336)\n\torg.sparkproject.jetty.util.thread.strategy.EatWhatYouKill.doProduce(EatWhatYouKill.java:313)\n\torg.sparkproject.jetty.util.thread.strategy.EatWhatYouKill.tryProduce(EatWhatYouKill.java:171)\n\torg.sparkproject.jetty.util.thread.strategy.EatWhatYouKill.run(EatWhatYouKill.java:129)\n\torg.sparkproject.jetty.util.thread.ReservedThreadExecutor$ReservedThread.run(ReservedThreadExecutor.java:375)\n\torg.sparkproject.jetty.util.thread.QueuedThreadPool.runJob(QueuedThreadPool.java:773)\n\torg.sparkproject.jetty.util.thread.QueuedThreadPool$Runner.run(QueuedThreadPool.java:905)\n\tjava.lang.Thread.run(Thread.java:748)', 'serverSparkVersion': '3.1.1'}
[2026-08-06T08:39:40.263+0000] {taskinstance.py:1206} INFO - Marking task as UP_FOR_RETRY. dag_id=kafka_batch_to_hdfs, task_id=run_spark_batch_via_rest, run_id=scheduled__2026-08-06T08:38:00+00:00, execution_date=20260806T083800, start_date=20260806T083940, end_date=20260806T083940
[2026-08-06T08:39:40.277+0000] {standard_task_runner.py:110} ERROR - Failed to execute job 25 for task run_spark_batch_via_rest (spark-submit 제출 실패: {'action': 'ErrorResponse', 'message': 'Malformed request: org.apache.spark.deploy.rest.SubmitRestProtocolException: Validation of message CreateSubmissionRequest failed!\n\torg.apache.spark.deploy.rest.SubmitRestProtocolMessage.validate(SubmitRestProtocolMessage.scala:70)\n\torg.apache.spark.deploy.rest.SubmitRequestServlet.doPost(RestSubmissionServer.scala:274)\n\tjavax.servlet.http.HttpServlet.service(HttpServlet.java:523)\n\tjavax.servlet.http.HttpServlet.service(HttpServlet.java:590)\n\torg.sparkproject.jetty.servlet.ServletHolder.handle(ServletHolder.java:791)\n\torg.sparkproject.jetty.servlet.ServletHandler.doHandle(ServletHandler.java:550)\n\torg.sparkproject.jetty.server.handler.ScopedHandler.nextHandle(ScopedHandler.java:233)\n\torg.sparkproject.jetty.server.handler.ContextHandler.doHandle(ContextHandler.java:1435)\n\torg.sparkproject.jetty.server.handler.ScopedHandler.nextScope(ScopedHandler.java:188)\n\torg.sparkproject.jetty.servlet.ServletHandler.doScope(ServletHandler.java:501)\n\torg.sparkproject.jetty.server.handler.ScopedHandler.nextScope(ScopedHandler.java:186)\n\torg.sparkproject.jetty.server.handler.ContextHandler.doScope(ContextHandler.java:1350)\n\torg.sparkproject.jetty.server.handler.ScopedHandler.handle(ScopedHandler.java:141)\n\torg.sparkproject.jetty.server.handler.HandlerWrapper.handle(HandlerWrapper.java:127)\n\torg.sparkproject.jetty.server.Server.handle(Server.java:516)\n\torg.sparkproject.jetty.server.HttpChannel.lambda$handle$1(HttpChannel.java:388)\n\torg.sparkproject.jetty.server.HttpChannel.dispatch(HttpChannel.java:633)\n\torg.sparkproject.jetty.server.HttpChannel.handle(HttpChannel.java:380)\n\torg.sparkproject.jetty.server.HttpConnection.onFillable(HttpConnection.java:273)\n\torg.sparkproject.jetty.io.AbstractConnection$ReadCallback.succeeded(AbstractConnection.java:311)\n\torg.sparkproject.jetty.io.FillInterest.fillable(FillInterest.java:105)\n\torg.sparkproject.jetty.io.ChannelEndPoint$1.run(ChannelEndPoint.java:104)\n\torg.sparkproject.jetty.util.thread.strategy.EatWhatYouKill.runTask(EatWhatYouKill.java:336)\n\torg.sparkproject.jetty.util.thread.strategy.EatWhatYouKill.doProduce(EatWhatYouKill.java:313)\n\torg.sparkproject.jetty.util.thread.strategy.EatWhatYouKill.tryProduce(EatWhatYouKill.java:171)\n\torg.sparkproject.jetty.util.thread.strategy.EatWhatYouKill.run(EatWhatYouKill.java:129)\n\torg.sparkproject.jetty.util.thread.ReservedThreadExecutor$ReservedThread.run(ReservedThreadExecutor.java:375)\n\torg.sparkproject.jetty.util.thread.QueuedThreadPool.runJob(QueuedThreadPool.java:773)\n\torg.sparkproject.jetty.util.thread.QueuedThreadPool$Runner.run(QueuedThreadPool.java:905)\n\tjava.lang.Thread.run(Thread.java:748)', 'serverSparkVersion': '3.1.1'}; 123)
[2026-08-06T08:39:40.300+0000] {local_task_job_runner.py:240} INFO - Task exited with return code 1
[2026-08-06T08:39:40.318+0000] {taskinstance.py:3498} INFO - 0 downstream tasks scheduled from follow-on schedule check
[2026-08-06T08:39:40.324+0000] {local_task_job_runner.py:222} INFO - ::endgroup::
